 Parameter: A <- "/RAID/ALEX/PARAM/TOPPAR_JUL24/TOPPAR/NON_CHARMM/TOP_BMS_DEC03.INP"
 Parameter: B <- "/RAID/ALEX/PARAM/TOPPAR_JUL24/TOPPAR/NON_CHARMM/PAR_BMS_DEC03.INP"
1
                 Chemistry at HARvard Macromolecular Mechanics
           (CHARMM) - Developmental Version 49a2   February 15, 2024            
                                Revision unknown                                
       Copyright(c) 1984-2023  President and Fellows of Harvard College
                              All Rights Reserved
         Current operating system: Linux-4.9.0-9-amd64(x86_64)@ocracoke         
                 Created on  7/27/24 at 14:55:57 by user: alex        

            Maximum number of ATOMS:    360720, and RESidues:      120240
 RDTITL> * TEST CASES FOR BMS DNA TOPOLOGY AND PARAMETER FILE
 RDTITL> *
  
 CHARMM>     
  
 CHARMM>    !set a ../non_charmm/top_bms_dec03.inp
 CHARMM>    !set b ../non_charmm/par_bms_dec03.inp
 CHARMM>     
  
 CHARMM>    open unit 1 form read name @a
 Parameter: A -> "/RAID/ALEX/PARAM/TOPPAR_JUL24/TOPPAR/NON_CHARMM/TOP_BMS_DEC03.INP"
 VOPEN> Attempting to open::/raid/alex/param/toppar_jul24/toppar/non_charmm/top_bms_dec03.inp::
 OPNLGU> Unit  1 opened for READONLY access to /raid/alex/param/toppar_jul24/toppar/non_charmm/top_bms_dec03.inp
  
 CHARMM>    read rtf card unit 1
 MAINIO> Residue topology file being read from unit   1.
 TITLE> *  \\\\\\\ ALL-HYDROGEN NUCLEIC ACID TOPOLOGY FILE ////////
 TITLE> *  \\\\\\\\\\\\\\\\\\ DEVELOPMENTAL ///////////////////////
 TITLE> *                    DAVID R. LANGLEY
 TITLE> *                VERSION 1.00, AUGUST 1995
 TITLE> *                VERSION 1.05, JUNE 1999
 TITLE> *                VERSION 1.10, NOVEMBER 2000
 TITLE> *                VERSION 1.15, APRIL 2003
 TITLE> *..................................................................
 TITLE> *..................................................................
 TITLE> * DAVID R. LANGLEY, MOLECULAR DYNAMIC SIMULATIONS OF ENVIRONMENT
 TITLE> * AND SEQUENCE DEPENDENT DNA CONFORMATIONS: THE DEVELOPMENT OF
 TITLE> * THE BMS NUCLEIC ACID FORCE FIELD AND COMPARISON WITH EXPERIMENTAL
 TITLE> * RESULTS.  J. BIOMOL. STRUCT. DYN., 1998, 16, 487-509.
 TITLE> *..................................................................
 TITLE> *..................................................................
 TITLE> * PARAMETERS FOR 2'-DEOXY-6-THIOGUANINE (PATCH RESIDUE ID: TG) WERE ADDED 11-22-00.
 TITLE> * * THE MODEIFIED TIPS3P WATER MODEL WITH 5% REDUCED CHARGES (RESIDUE ID: T95)
 TITLE> * PROVIDES STABLE (4M NACL) A-DNA SIMULATIONS BY BALANCING THE
 TITLE> * NA-H2O, CL-H2O, DNA-NA, DNA-CL, DNA-H2O INTERACTIONS.
 TITLE> *
 WARNING from DECODI -- Zero length string being converted to 0
 RTFRDR> WARNING: Version number is NOT specified.

      ***** LEVEL  2 WARNING FROM <RTFRDR> *****
      ***** Version number 22 not needed.
      ******************************************
      BOMLEV (  0) IS NOT REACHED. WRNLEV IS  5


      ***** LEVEL  1 WARNING FROM <DECODF> *****
      ***** Zero length string
      ******************************************
      BOMLEV (  0) IS NOT REACHED. WRNLEV IS  5

 WARNING from DECODF -- Zero length string being converted to 0.

      ***** LEVEL  1 WARNING FROM <DECODF> *****
      ***** Zero length string
      ******************************************
      BOMLEV (  0) IS NOT REACHED. WRNLEV IS  5

 WARNING from DECODF -- Zero length string being converted to 0.

      ***** LEVEL  1 WARNING FROM <DECODF> *****
      ***** Zero length string
      ******************************************
      BOMLEV (  0) IS NOT REACHED. WRNLEV IS  5

 WARNING from DECODF -- Zero length string being converted to 0.

      ***** LEVEL  1 WARNING FROM <DECODF> *****
      ***** Zero length string
      ******************************************
      BOMLEV (  0) IS NOT REACHED. WRNLEV IS  5

 WARNING from DECODF -- Zero length string being converted to 0.

      ***** LEVEL  1 WARNING FROM <DECODF> *****
      ***** Zero length string
      ******************************************
      BOMLEV (  0) IS NOT REACHED. WRNLEV IS  5

 WARNING from DECODF -- Zero length string being converted to 0.
  
 CHARMM>    close unit 1
 VCLOSE: Closing unit    1 with status "KEEP"
  
 CHARMM>     
  
 CHARMM>    open unit 1 form read name @b
 Parameter: B -> "/RAID/ALEX/PARAM/TOPPAR_JUL24/TOPPAR/NON_CHARMM/PAR_BMS_DEC03.INP"
 VOPEN> Attempting to open::/raid/alex/param/toppar_jul24/toppar/non_charmm/par_bms_dec03.inp::
 OPNLGU> Unit  1 opened for READONLY access to /raid/alex/param/toppar_jul24/toppar/non_charmm/par_bms_dec03.inp
  
 CHARMM>    read para card unit 1

          PARAMETER FILE BEING READ FROM UNIT  1
 TITLE> *  \\\\\\\ ALL-HYDROGEN NUCLEIC ACID TOPOLOGY FILE ////////
 TITLE> *  \\\\\\\\\\\\\\\\\\ DEVELOPMENTAL ///////////////////////
 TITLE> *                    DAVID R. LANGLEY
 TITLE> *                VERSION 1.00, AUGUST 1995
 TITLE> *                VERSION 1.05, JUNE 1999
 TITLE> *                VERSION 1.10, NOVEMBER 2000
 TITLE> *                VERSION 1.15, APRIL 2003
 TITLE> *..................................................................
 TITLE> *..................................................................
 TITLE> * DAVID R. LANGLEY, MOLECULAR DYNAMIC SIMULATIONS OF ENVIRONMENT
 TITLE> * AND SEQUENCE DEPENDENT DNA CONFORMATIONS: THE DEVELOPMENT OF
 TITLE> * THE BMS NUCLEIC ACID FORCE FIELD AND COMPARISON WITH EXPERIMENTAL
 TITLE> * RESULTS.  J. BIOMOL. STRUCT. DYN., 1998, 16, 487-509.
 TITLE> *..................................................................
 TITLE> *..................................................................
 TITLE> * PARAMETERS FOR 2'-DEOXY-6-THIOGUANINE (PATCH RESIDUE ID: TG) WERE ADDED 11-22-00.
 TITLE> * * THE MODEIFIED TIPS3P WATER MODEL WITH 5% REDUCED CHARGES (RESIDUE ID: T95)
 TITLE> * PROVIDES STABLE (4M NACL) A-DNA SIMULATIONS BY BALANCING THE
 TITLE> * NA-H2O, CL-H2O, DNA-NA, DNA-CL, DNA-H2O INTERACTIONS.
 TITLE> *
 PARMIO> NONBOND, HBOND lists and IMAGE atoms cleared.
  
 CHARMM>    close unit 1
 VCLOSE: Closing unit    1 with status "KEEP"
  
 CHARMM>     
  
 CHARMM>    read sequence card
 MAINIO> Sequence information being read from unit   5.
 RDTITL> * 1BNA, STRAND 1
 RDTITL> *
  
 SEQRDR>    12
  
 SEQRDR>    c g c g a a t t c g c g

          RESIDUE SEQUENCE --    12 RESIDUES
          C   G   C   G   A   A   T   T   C   G   C   G   
  
 CHARMM>     
  
 CHARMM>    generate a first 5ter last 3ter setup warn
 THE PATCH '5TER' WILL BE USED FOR THE FIRST RESIDUE
 THE PATCH '3TER' WILL BE USED FOR THE LAST  RESIDUE
 ** WARNING ** BOND NOT FOUND FOR RESIDUE   1 C     .
 ATOMS "P     " "O1P   " WERE REQUESTED.
 ** WARNING ** BOND NOT FOUND FOR RESIDUE   1 C     .
 ATOMS "P     " "O2P   " WERE REQUESTED.
 ** WARNING ** BOND NOT FOUND FOR RESIDUE   1 C     .
 ATOMS "P     " "O5'   " WERE REQUESTED.
 ** WARNING ** ACCEPTOR NOT FOUND FOR RESIDUE   1 C     .
 ATOMS "O1P   " "P     " WERE REQUESTED.
 ** WARNING ** ACCEPTOR NOT FOUND FOR RESIDUE   1 C     .
 ATOMS "O2P   " "P     " WERE REQUESTED.
 ** WARNING ** BOND NOT FOUND FOR RESIDUE  12 G     .
 ATOMS "O3'   " "+P    " WERE REQUESTED.
 AUTGEN: Autogenerating specified angles and dihedrals.
 GENPSF> Segment   1 has been generated. Its identifier is A.
 PSFSUM> PSF modified: NONBOND lists and IMAGE atoms cleared.
 PSFSUM> Summary of the structure file counters :
         Number of segments      =        1   Number of residues   =       12
         Number of atoms         =      379   Number of groups     =      116
         Number of bonds         =      408   Number of angles     =      738
         Number of dihedrals     =     1078   Number of impropers  =       58
         Number of cross-terms   =        0   Number of autogens   =        0
         Number of HB acceptors  =       88   Number of HB donors  =       28
         Number of NB exclusions =        0   Total charge =  -11.00000
  
 CHARMM>     
  
 CHARMM>    ic para
  
 CHARMM>    ic seed 1 H5T 1 O5' 1 C5'
  
 CHARMM>    ic build
  
 CHARMM>     
  
 CHARMM>    !print psf
 CHARMM>    !ic print
 CHARMM>    !print coor
 CHARMM>     
  
 CHARMM>    energy

 NONBOND OPTION FLAGS: 
     ELEC     VDW      ATOMs    CDIElec  FSHIft   VATOm    VSWItch 
     BYGRoup  NOEXtnd  NOEWald 
 CUTNB  = 13.000 CTEXNB =999.000 CTONNB = 10.000 CTOFNB = 12.000
 CGONNB =  0.000 CGOFNB = 10.000
 WMIN   =  1.500 WRNMXD =  0.500 E14FAC =  1.000 EPS    =  1.000
 NBXMOD =      5
 There are        0 atom  pairs and        0 atom  exclusions.
 There are        0 group pairs and        0 group exclusions.
 <MAKINB> with mode   5 found   1146 exclusions and    952 interactions(1-4)
 <MAKGRP> found    331 group exclusions.
 Generating nonbond list with Exclusion mode = 5
 == PRIMARY == SPACE FOR    71632 ATOM PAIRS AND        0 GROUP PAIRS

 General atom nonbond list generation found:
    26840 ATOM PAIRS WERE FOUND FOR ATOM LIST
      803 GROUP PAIRS REQUIRED ATOM SEARCHES

ENER ENR:  Eval#     ENERgy      Delta-E         GRMS
ENER INTERN:          BONDs       ANGLes       UREY-b    DIHEdrals    IMPRopers
ENER EXTERN:        VDWaals         ELEC       HBONds          ASP         USER
 ----------       ---------    ---------    ---------    ---------    ---------
ENER>        0   1428.89600      0.00000    545.72804
ENER INTERN>      236.28074    150.00921     67.01107     99.12169      0.00206
ENER EXTERN>     2170.28685  -1293.81562      0.00000      0.00000      0.00000
 ----------       ---------    ---------    ---------    ---------    ---------
  
 CHARMM>     
  
 CHARMM>    !test that autogenerate gives identical energy
 CHARMM>    autogenerate angles dihedrals
 AUTGEN: Autogenerating specified angles and dihedrals.
 AUTOGEN:   738 angles are removed before regeneration for selected atoms.
 AUTOGEN:  1078 dihedrals are removed before regeneration for selected atoms.
 PSFSUM> PSF modified: NONBOND lists and IMAGE atoms cleared.
 PSFSUM> Summary of the structure file counters :
         Number of segments      =        1   Number of residues   =       12
         Number of atoms         =      379   Number of groups     =      116
         Number of bonds         =      408   Number of angles     =      738
         Number of dihedrals     =     1078   Number of impropers  =       58
         Number of cross-terms   =        0   Number of autogens   =        0
         Number of HB acceptors  =       88   Number of HB donors  =       28
         Number of NB exclusions =        0   Total charge =  -11.00000
  
 CHARMM>     
  
 CHARMM>    energy

 NONBOND OPTION FLAGS: 
     ELEC     VDW      ATOMs    CDIElec  FSHIft   VATOm    VSWItch 
     BYGRoup  NOEXtnd  NOEWald 
 CUTNB  = 13.000 CTEXNB =999.000 CTONNB = 10.000 CTOFNB = 12.000
 CGONNB =  0.000 CGOFNB = 10.000
 WMIN   =  1.500 WRNMXD =  0.500 E14FAC =  1.000 EPS    =  1.000
 NBXMOD =      5
 There are        0 atom  pairs and        0 atom  exclusions.
 There are        0 group pairs and        0 group exclusions.
 <MAKINB> with mode   5 found   1146 exclusions and    952 interactions(1-4)
 <MAKGRP> found    331 group exclusions.
 Generating nonbond list with Exclusion mode = 5
 == PRIMARY == SPACE FOR    71632 ATOM PAIRS AND        0 GROUP PAIRS

 General atom nonbond list generation found:
    26840 ATOM PAIRS WERE FOUND FOR ATOM LIST
      803 GROUP PAIRS REQUIRED ATOM SEARCHES

ENER ENR:  Eval#     ENERgy      Delta-E         GRMS
ENER INTERN:          BONDs       ANGLes       UREY-b    DIHEdrals    IMPRopers
ENER EXTERN:        VDWaals         ELEC       HBONds          ASP         USER
 ----------       ---------    ---------    ---------    ---------    ---------
ENER>        0   1428.89600      0.00000    545.72804
ENER INTERN>      236.28074    150.00921     67.01107     99.12169      0.00206
ENER EXTERN>     2170.28685  -1293.81562      0.00000      0.00000      0.00000
 ----------       ---------    ---------    ---------    ---------    ---------
  
 CHARMM>     
  
 CHARMM>    delete atom sele all end
 SELRPN>    379 atoms have been selected out of    379

 Message from MAPIC: Atom numbers are changed.

 Message from MAPIC:         12 residues deleted.

 Message from MAPIC:          1 segments deleted.
 DELTIC:       408 bonds deleted
 DELTIC:       738 angles deleted
 DELTIC:      1078 dihedrals deleted
 DELTIC:        58 improper dihedrals deleted
 DELTIC:        28 donors deleted
 DELTIC:        88 acceptors deleted
 PSFSUM> PSF modified: NONBOND lists and IMAGE atoms cleared.
 PSFSUM> Summary of the structure file counters :
         Number of segments      =        0   Number of residues   =        0
         Number of atoms         =        0   Number of groups     =        0
         Number of bonds         =        0   Number of angles     =        0
         Number of dihedrals     =        0   Number of impropers  =        0
         Number of cross-terms   =        0   Number of autogens   =        0
         Number of HB acceptors  =        0   Number of HB donors  =        0
         Number of NB exclusions =        0   Total charge =    0.00000
  
 CHARMM>     
  
 CHARMM>    stop
$$$$$$  New timer profile $$$$$
   List time                       0.00 Other:            0.00
      Nonbond force                   0.00 Other:            0.00
         Bond energy                     0.00 Other:            0.00
         Angle energy                    0.00 Other:            0.00
         Dihedral energy                 0.00 Other:            0.00
         Restraints energy               0.00 Other:            0.00
      INTRNL energy                   0.00 Other:            0.00
   Energy time                     0.00 Other:            0.00
 Total time                      0.05 Other:            0.05

                    NORMAL TERMINATION BY NORMAL STOP
                    MOST SEVERE WARNING WAS AT LEVEL  1

                    $$$$$ JOB ACCOUNTING INFORMATION $$$$$
                     ELAPSED TIME:     0.05  SECONDS 
                         CPU TIME:     0.04  SECONDS 
